// Jest Snapshot v1, https://goo.gl/fbAQLP

exports[`renders correct content 1`] = `
<Lexicon
  data={
    Array [
      Object {
        "c": 1,
        "w": "one",
      },
      Object {
        "c": 2,
        "w": "two",
      },
      Object {
        "c": 3,
        "w": "three",
      },
    ]
  }
>
  <Styled(CardWrapper)
    border="primary"
    squareCorner={true}
  >
    <StyledComponent
      border="primary"
      forwardedComponent={
        Object {
          "$$typeof": Symbol(react.forward_ref),
          "attrs": Array [],
          "componentStyle": ComponentStyle {
            "componentId": "sc-bdVaJa",
            "isStatic": false,
            "lastClassName": "ftHUXG",
            "rules": Array [
              "
  margin-bottom: 1rem;
  ",
              [Function],
              "
",
            ],
          },
          "displayName": "Styled(CardWrapper)",
          "foldedComponentIds": Array [],
          "render": [Function],
          "styledComponentId": "sc-bdVaJa",
          "target": [Function],
          "toString": [Function],
          "warnTooManyClasses": [Function],
          "withComponent": [Function],
        }
      }
      forwardedRef={null}
      squareCorner={true}
    >
      <CardWrapper
        border="primary"
        className="sc-bdVaJa ftHUXG"
        squareCorner={true}
      >
        <Card
          body={false}
          border="primary"
          className="sc-bdVaJa ftHUXG"
        >
          <div
            className="sc-bdVaJa ftHUXG card border-primary"
          >
            <Styled(PanelHeader)
              bg="primary"
            >
              <StyledComponent
                bg="primary"
                forwardedComponent={
                  Object {
                    "$$typeof": Symbol(react.forward_ref),
                    "attrs": Array [],
                    "componentStyle": ComponentStyle {
                      "componentId": "sc-bwzfXH",
                      "isStatic": true,
                      "lastClassName": "ZDOPQ",
                      "rules": Array [
                        "
  padding-left: 0;
  padding-right: 10px;
",
                      ],
                    },
                    "displayName": "Styled(PanelHeader)",
                    "foldedComponentIds": Array [],
                    "render": [Function],
                    "styledComponentId": "sc-bwzfXH",
                    "target": [Function],
                    "toString": [Function],
                    "warnTooManyClasses": [Function],
                    "withComponent": [Function],
                  }
                }
                forwardedRef={null}
              >
                <PanelHeader
                  bg="primary"
                  className="sc-bwzfXH ZDOPQ"
                >
                  <CardHeader
                    className="bg-primary text-white sc-bwzfXH ZDOPQ"
                  >
                    <div
                      className="bg-primary text-white sc-bwzfXH ZDOPQ card-header"
                    >
                      <styled.div
                        noHover={true}
                      >
                        <StyledComponent
                          forwardedComponent={
                            Object {
                              "$$typeof": Symbol(react.forward_ref),
                              "attrs": Array [],
                              "componentStyle": ComponentStyle {
                                "componentId": "sc-htpNat",
                                "isStatic": false,
                                "lastClassName": "eUqOUx",
                                "rules": Array [
                                  "
  display: flex;
  padding-left: 1.25rem;
  justify-content: space-between;
  align-items: center;
  ",
                                  [Function],
                                  "
",
                                ],
                              },
                              "displayName": "styled.div",
                              "foldedComponentIds": Array [],
                              "render": [Function],
                              "styledComponentId": "sc-htpNat",
                              "target": "div",
                              "toString": [Function],
                              "warnTooManyClasses": [Function],
                              "withComponent": [Function],
                            }
                          }
                          forwardedRef={null}
                          noHover={true}
                        >
                          <div
                            className="sc-htpNat erWfTZ"
                          >
                            <styled.div>
                              <StyledComponent
                                forwardedComponent={
                                  Object {
                                    "$$typeof": Symbol(react.forward_ref),
                                    "attrs": Array [],
                                    "componentStyle": ComponentStyle {
                                      "componentId": "sc-bxivhb",
                                      "isStatic": true,
                                      "lastClassName": "laDLOs",
                                      "rules": Array [
                                        "
  width: 22%;
  flex-grow: 1;
  text-align: left;
",
                                      ],
                                    },
                                    "displayName": "styled.div",
                                    "foldedComponentIds": Array [],
                                    "render": [Function],
                                    "styledComponentId": "sc-bxivhb",
                                    "target": "div",
                                    "toString": [Function],
                                    "warnTooManyClasses": [Function],
                                    "withComponent": [Function],
                                  }
                                }
                                forwardedRef={null}
                              >
                                <div
                                  className="sc-bxivhb laDLOs"
                                >
                                  Word
                                </div>
                              </StyledComponent>
                            </styled.div>
                            <styled.div>
                              <StyledComponent
                                forwardedComponent={
                                  Object {
                                    "$$typeof": Symbol(react.forward_ref),
                                    "attrs": Array [],
                                    "componentStyle": ComponentStyle {
                                      "componentId": "sc-ifAKCX",
                                      "isStatic": true,
                                      "lastClassName": "cgFVmA",
                                      "rules": Array [
                                        "
  width: 22%;
  text-align: center;
",
                                      ],
                                    },
                                    "displayName": "styled.div",
                                    "foldedComponentIds": Array [],
                                    "render": [Function],
                                    "styledComponentId": "sc-ifAKCX",
                                    "target": "div",
                                    "toString": [Function],
                                    "warnTooManyClasses": [Function],
                                    "withComponent": [Function],
                                  }
                                }
                                forwardedRef={null}
                              >
                                <div
                                  className="sc-ifAKCX cgFVmA"
                                >
                                  Qty
                                </div>
                              </StyledComponent>
                            </styled.div>
                          </div>
                        </StyledComponent>
                      </styled.div>
                    </div>
                  </CardHeader>
                </PanelHeader>
              </StyledComponent>
            </Styled(PanelHeader)>
            <LexiconList
              itemCount={3}
            >
              <List
                direction="ltr"
                height={120}
                itemCount={3}
                itemSize={40}
                layout="vertical"
                overscanCount={2}
                useIsScrolling={false}
                width="100%"
              >
                <div
                  onScroll={[Function]}
                  style={
                    Object {
                      "WebkitOverflowScrolling": "touch",
                      "direction": "ltr",
                      "height": 120,
                      "overflow": "auto",
                      "position": "relative",
                      "width": "100%",
                      "willChange": "transform",
                    }
                  }
                >
                  <div
                    style={
                      Object {
                        "height": 120,
                        "pointerEvents": undefined,
                        "width": "100%",
                      }
                    }
                  >
                    <LexiconRow
                      index={0}
                      key="0"
                      style={
                        Object {
                          "height": 40,
                          "left": 0,
                          "position": "absolute",
                          "top": 0,
                          "width": "100%",
                        }
                      }
                    >
                      <styled.div
                        style={
                          Object {
                            "height": 40,
                            "left": 0,
                            "position": "absolute",
                            "top": 0,
                            "width": "100%",
                          }
                        }
                      >
                        <StyledComponent
                          forwardedComponent={
                            Object {
                              "$$typeof": Symbol(react.forward_ref),
                              "attrs": Array [],
                              "componentStyle": ComponentStyle {
                                "componentId": "sc-htpNat",
                                "isStatic": false,
                                "lastClassName": "eUqOUx",
                                "rules": Array [
                                  "
  display: flex;
  padding-left: 1.25rem;
  justify-content: space-between;
  align-items: center;
  ",
                                  [Function],
                                  "
",
                                ],
                              },
                              "displayName": "styled.div",
                              "foldedComponentIds": Array [],
                              "render": [Function],
                              "styledComponentId": "sc-htpNat",
                              "target": "div",
                              "toString": [Function],
                              "warnTooManyClasses": [Function],
                              "withComponent": [Function],
                            }
                          }
                          forwardedRef={null}
                          style={
                            Object {
                              "height": 40,
                              "left": 0,
                              "position": "absolute",
                              "top": 0,
                              "width": "100%",
                            }
                          }
                        >
                          <div
                            className="sc-htpNat eUqOUx"
                            style={
                              Object {
                                "height": 40,
                                "left": 0,
                                "position": "absolute",
                                "top": 0,
                                "width": "100%",
                              }
                            }
                          >
                            <styled.div>
                              <StyledComponent
                                forwardedComponent={
                                  Object {
                                    "$$typeof": Symbol(react.forward_ref),
                                    "attrs": Array [],
                                    "componentStyle": ComponentStyle {
                                      "componentId": "sc-bxivhb",
                                      "isStatic": true,
                                      "lastClassName": "laDLOs",
                                      "rules": Array [
                                        "
  width: 22%;
  flex-grow: 1;
  text-align: left;
",
                                      ],
                                    },
                                    "displayName": "styled.div",
                                    "foldedComponentIds": Array [],
                                    "render": [Function],
                                    "styledComponentId": "sc-bxivhb",
                                    "target": "div",
                                    "toString": [Function],
                                    "warnTooManyClasses": [Function],
                                    "withComponent": [Function],
                                  }
                                }
                                forwardedRef={null}
                              >
                                <div
                                  className="sc-bxivhb laDLOs"
                                >
                                  one
                                </div>
                              </StyledComponent>
                            </styled.div>
                            <styled.div>
                              <StyledComponent
                                forwardedComponent={
                                  Object {
                                    "$$typeof": Symbol(react.forward_ref),
                                    "attrs": Array [],
                                    "componentStyle": ComponentStyle {
                                      "componentId": "sc-ifAKCX",
                                      "isStatic": true,
                                      "lastClassName": "cgFVmA",
                                      "rules": Array [
                                        "
  width: 22%;
  text-align: center;
",
                                      ],
                                    },
                                    "displayName": "styled.div",
                                    "foldedComponentIds": Array [],
                                    "render": [Function],
                                    "styledComponentId": "sc-ifAKCX",
                                    "target": "div",
                                    "toString": [Function],
                                    "warnTooManyClasses": [Function],
                                    "withComponent": [Function],
                                  }
                                }
                                forwardedRef={null}
                              >
                                <div
                                  className="sc-ifAKCX cgFVmA"
                                >
                                  1
                                </div>
                              </StyledComponent>
                            </styled.div>
                          </div>
                        </StyledComponent>
                      </styled.div>
                    </LexiconRow>
                    <LexiconRow
                      index={1}
                      key="1"
                      style={
                        Object {
                          "height": 40,
                          "left": 0,
                          "position": "absolute",
                          "top": 40,
                          "width": "100%",
                        }
                      }
                    >
                      <styled.div
                        style={
                          Object {
                            "height": 40,
                            "left": 0,
                            "position": "absolute",
                            "top": 40,
                            "width": "100%",
                          }
                        }
                      >
                        <StyledComponent
                          forwardedComponent={
                            Object {
                              "$$typeof": Symbol(react.forward_ref),
                              "attrs": Array [],
                              "componentStyle": ComponentStyle {
                                "componentId": "sc-htpNat",
                                "isStatic": false,
                                "lastClassName": "eUqOUx",
                                "rules": Array [
                                  "
  display: flex;
  padding-left: 1.25rem;
  justify-content: space-between;
  align-items: center;
  ",
                                  [Function],
                                  "
",
                                ],
                              },
                              "displayName": "styled.div",
                              "foldedComponentIds": Array [],
                              "render": [Function],
                              "styledComponentId": "sc-htpNat",
                              "target": "div",
                              "toString": [Function],
                              "warnTooManyClasses": [Function],
                              "withComponent": [Function],
                            }
                          }
                          forwardedRef={null}
                          style={
                            Object {
                              "height": 40,
                              "left": 0,
                              "position": "absolute",
                              "top": 40,
                              "width": "100%",
                            }
                          }
                        >
                          <div
                            className="sc-htpNat eUqOUx"
                            style={
                              Object {
                                "height": 40,
                                "left": 0,
                                "position": "absolute",
                                "top": 40,
                                "width": "100%",
                              }
                            }
                          >
                            <styled.div>
                              <StyledComponent
                                forwardedComponent={
                                  Object {
                                    "$$typeof": Symbol(react.forward_ref),
                                    "attrs": Array [],
                                    "componentStyle": ComponentStyle {
                                      "componentId": "sc-bxivhb",
                                      "isStatic": true,
                                      "lastClassName": "laDLOs",
                                      "rules": Array [
                                        "
  width: 22%;
  flex-grow: 1;
  text-align: left;
",
                                      ],
                                    },
                                    "displayName": "styled.div",
                                    "foldedComponentIds": Array [],
                                    "render": [Function],
                                    "styledComponentId": "sc-bxivhb",
                                    "target": "div",
                                    "toString": [Function],
                                    "warnTooManyClasses": [Function],
                                    "withComponent": [Function],
                                  }
                                }
                                forwardedRef={null}
                              >
                                <div
                                  className="sc-bxivhb laDLOs"
                                >
                                  two
                                </div>
                              </StyledComponent>
                            </styled.div>
                            <styled.div>
                              <StyledComponent
                                forwardedComponent={
                                  Object {
                                    "$$typeof": Symbol(react.forward_ref),
                                    "attrs": Array [],
                                    "componentStyle": ComponentStyle {
                                      "componentId": "sc-ifAKCX",
                                      "isStatic": true,
                                      "lastClassName": "cgFVmA",
                                      "rules": Array [
                                        "
  width: 22%;
  text-align: center;
",
                                      ],
                                    },
                                    "displayName": "styled.div",
                                    "foldedComponentIds": Array [],
                                    "render": [Function],
                                    "styledComponentId": "sc-ifAKCX",
                                    "target": "div",
                                    "toString": [Function],
                                    "warnTooManyClasses": [Function],
                                    "withComponent": [Function],
                                  }
                                }
                                forwardedRef={null}
                              >
                                <div
                                  className="sc-ifAKCX cgFVmA"
                                >
                                  2
                                </div>
                              </StyledComponent>
                            </styled.div>
                          </div>
                        </StyledComponent>
                      </styled.div>
                    </LexiconRow>
                    <LexiconRow
                      index={2}
                      key="2"
                      style={
                        Object {
                          "height": 40,
                          "left": 0,
                          "position": "absolute",
                          "top": 80,
                          "width": "100%",
                        }
                      }
                    >
                      <styled.div
                        style={
                          Object {
                            "height": 40,
                            "left": 0,
                            "position": "absolute",
                            "top": 80,
                            "width": "100%",
                          }
                        }
                      >
                        <StyledComponent
                          forwardedComponent={
                            Object {
                              "$$typeof": Symbol(react.forward_ref),
                              "attrs": Array [],
                              "componentStyle": ComponentStyle {
                                "componentId": "sc-htpNat",
                                "isStatic": false,
                                "lastClassName": "eUqOUx",
                                "rules": Array [
                                  "
  display: flex;
  padding-left: 1.25rem;
  justify-content: space-between;
  align-items: center;
  ",
                                  [Function],
                                  "
",
                                ],
                              },
                              "displayName": "styled.div",
                              "foldedComponentIds": Array [],
                              "render": [Function],
                              "styledComponentId": "sc-htpNat",
                              "target": "div",
                              "toString": [Function],
                              "warnTooManyClasses": [Function],
                              "withComponent": [Function],
                            }
                          }
                          forwardedRef={null}
                          style={
                            Object {
                              "height": 40,
                              "left": 0,
                              "position": "absolute",
                              "top": 80,
                              "width": "100%",
                            }
                          }
                        >
                          <div
                            className="sc-htpNat eUqOUx"
                            style={
                              Object {
                                "height": 40,
                                "left": 0,
                                "position": "absolute",
                                "top": 80,
                                "width": "100%",
                              }
                            }
                          >
                            <styled.div>
                              <StyledComponent
                                forwardedComponent={
                                  Object {
                                    "$$typeof": Symbol(react.forward_ref),
                                    "attrs": Array [],
                                    "componentStyle": ComponentStyle {
                                      "componentId": "sc-bxivhb",
                                      "isStatic": true,
                                      "lastClassName": "laDLOs",
                                      "rules": Array [
                                        "
  width: 22%;
  flex-grow: 1;
  text-align: left;
",
                                      ],
                                    },
                                    "displayName": "styled.div",
                                    "foldedComponentIds": Array [],
                                    "render": [Function],
                                    "styledComponentId": "sc-bxivhb",
                                    "target": "div",
                                    "toString": [Function],
                                    "warnTooManyClasses": [Function],
                                    "withComponent": [Function],
                                  }
                                }
                                forwardedRef={null}
                              >
                                <div
                                  className="sc-bxivhb laDLOs"
                                >
                                  three
                                </div>
                              </StyledComponent>
                            </styled.div>
                            <styled.div>
                              <StyledComponent
                                forwardedComponent={
                                  Object {
                                    "$$typeof": Symbol(react.forward_ref),
                                    "attrs": Array [],
                                    "componentStyle": ComponentStyle {
                                      "componentId": "sc-ifAKCX",
                                      "isStatic": true,
                                      "lastClassName": "cgFVmA",
                                      "rules": Array [
                                        "
  width: 22%;
  text-align: center;
",
                                      ],
                                    },
                                    "displayName": "styled.div",
                                    "foldedComponentIds": Array [],
                                    "render": [Function],
                                    "styledComponentId": "sc-ifAKCX",
                                    "target": "div",
                                    "toString": [Function],
                                    "warnTooManyClasses": [Function],
                                    "withComponent": [Function],
                                  }
                                }
                                forwardedRef={null}
                              >
                                <div
                                  className="sc-ifAKCX cgFVmA"
                                >
                                  3
                                </div>
                              </StyledComponent>
                            </styled.div>
                          </div>
                        </StyledComponent>
                      </styled.div>
                    </LexiconRow>
                  </div>
                </div>
              </List>
            </LexiconList>
          </div>
        </Card>
      </CardWrapper>
    </StyledComponent>
  </Styled(CardWrapper)>
</Lexicon>
`;
