// Jest Snapshot v1, https://goo.gl/fbAQLP

exports[`renders correct content 1`] = `
<BrowserRouter>
  <Router
    history={
      Object {
        "action": "POP",
        "block": [Function],
        "createHref": [Function],
        "go": [Function],
        "goBack": [Function],
        "goForward": [Function],
        "length": 1,
        "listen": [Function],
        "location": Object {
          "hash": "",
          "pathname": "/",
          "search": "",
          "state": undefined,
        },
        "push": [Function],
        "replace": [Function],
      }
    }
  >
    <ShowIntegral
      match={
        Object {
          "params": Object {
            "lingua": "lat",
          },
          "url": "/route/integral/lat",
        }
      }
    >
      <DataProvider
        query={
          Object {
            "gql": "lexiconIntegral(lingua: \\"lat\\") { w c }",
            "name": "lexiconIntegral",
          }
        }
      >
        <AdapterChoice
          data={
            Array [
              Object {
                "c": 1,
                "w": "one",
              },
              Object {
                "c": 2,
                "w": "two",
              },
              Object {
                "c": 3,
                "w": "three",
              },
            ]
          }
        >
          <Lexicon
            WrapLink={[Function]}
            data={
              Array [
                Object {
                  "c": 1,
                  "w": "one",
                },
                Object {
                  "c": 2,
                  "w": "two",
                },
                Object {
                  "c": 3,
                  "w": "three",
                },
              ]
            }
          >
            1
            2
            3
          </Lexicon>
        </AdapterChoice>
      </DataProvider>
    </ShowIntegral>
  </Router>
</BrowserRouter>
`;
