// Jest Snapshot v1, https://goo.gl/fbAQLP

exports[`renders correct content 1`] = `
<BrowserRouter>
  <Router
    history={
      Object {
        "action": "POP",
        "block": [Function],
        "createHref": [Function],
        "go": [Function],
        "goBack": [Function],
        "goForward": [Function],
        "length": 1,
        "listen": [Function],
        "location": Object {
          "hash": "",
          "pathname": "/",
          "search": "",
          "state": undefined,
        },
        "push": [Function],
        "replace": [Function],
      }
    }
  >
    <ChoiceOpus
      match={
        Object {
          "url": "/route/alone",
        }
      }
      title="Choose"
    >
      <DataProvider
        query={
          Object {
            "gql": "opusAll { id name }",
            "name": "opusAll",
          }
        }
      >
        <AdapterChoice
          data={
            Array [
              Object {
                "id": "one",
                "name": "Alpha",
              },
              Object {
                "id": "two",
                "name": "Betta",
              },
              Object {
                "id": "three",
                "name": "Gamma",
              },
            ]
          }
        >
          <ChoiceWithFontPromo
            title="Choose"
            wrapLink={[Function]}
          >
            <Link
              key="one"
              onClick={null}
              to="/route/alone/one"
            >
              <LinkAnchor
                href="/route/alone/one"
                navigate={[Function]}
                onClick={null}
              >
                <a
                  href="/route/alone/one"
                  onClick={[Function]}
                >
                  Alpha
                </a>
              </LinkAnchor>
            </Link>
            <Link
              key="two"
              onClick={null}
              to="/route/alone/two"
            >
              <LinkAnchor
                href="/route/alone/two"
                navigate={[Function]}
                onClick={null}
              >
                <a
                  href="/route/alone/two"
                  onClick={[Function]}
                >
                  Betta
                </a>
              </LinkAnchor>
            </Link>
            <Link
              key="three"
              onClick={null}
              to="/route/alone/three"
            >
              <LinkAnchor
                href="/route/alone/three"
                navigate={[Function]}
                onClick={null}
              >
                <a
                  href="/route/alone/three"
                  onClick={[Function]}
                >
                  Gamma
                </a>
              </LinkAnchor>
            </Link>
          </ChoiceWithFontPromo>
        </AdapterChoice>
      </DataProvider>
    </ChoiceOpus>
  </Router>
</BrowserRouter>
`;
